|1(N02).RU|
|1(N14).3(N08)|
|(1(N14).4(N08))|
|1(N14).5(N08)|
|1(N14).8(N08)|
|1(N57).AB₂|
|1(N57).BU₃|
|1(N57).E₂|
|1(N57).E₂~a|
|1(N57).MUŠEN|
|1(N57).SAG|
|1(N57).ŠAH₂|
|1(N57).ŠAH₂~a|
|1(N57).SIG|
|1(N57).ŠUBUR|
|1(N58).BAD|
|(1(N58).BAD)~a|
|(1(N58).BAD)~b|
|2(N14).1(N08)|
|2(N57).AB₂|
|2(N57).BIR₃|
|2(N57).BIR₃~a|
|2(N57).KU₆|
|2(N57).KU₆~a|
|2(N57).MUŠEN|
|2(N57).SU|
|2(N57).SU~a|
|2(N57).ŠUBUR|
|2(N57).UDUNITA|
|2(N57).UDUNITA~a|
|3(N57).AMAR|
|3(N57).AZ|
|3(N57).BARA₃|
|3(N57).BAR×UŠ|
|3(N57).BAR×UŠ~a|
|3(N57).E₂|
|3(N57).E₂~b|
|3(N57).EN₂|
|3(N57).GAR|
|3(N57).NUNUZ|
|3(N57).NUNUZ~a1|
|3(N57).NUNUZ~c|
|3(N57).PIRIG|
|3(N57).PIRIG~b1|
|3(N57).SANGA|
|3(N57).SANGA~a|
|3(N57).SI|
|3(N57).ŠUBUR|
|3(N57).UDU|
|3(N57).UDU~a|
|3(N57).UDUNITA|
|3(N57).UDUNITA~a|
|3(N58).UR₃|
|3(N58).UR₃~b1|
|4(N57).AMAR|
|4(N57).GAR|
|4(N57).KU₃|
|4(N57).KU₃~a|
|4(N57).NI|
|4(N57).NI~b|
|5(N57).GAR|
|5(N57).KU₃|
|5(N57).KU₃~a|
|6(N57).GAR|
|6(N57).KU₃|
|6(N57).KU₃~a|
|7(N57).GAR|
|8(N57).NI|
|8(N57).NI~b|
|AMAR.1(N02)|
|APIN~a.APIN~a|
|APIN.APIN|
|(BU~a&BU~a).NA₂~a|
|(BU~a%BU~a).NA₂~a@n|
|(BU~a&BU~a).NA₂~b|
|(BU~a&BU~a).X|
|((BU~a.DU₆~a)&(BU~a.DU₆))×UDU~a|
|BU~b.NA₂~a|
|(BU&BU).NA₂|
|(BU&BU).NA₂@n|
|(BU&BU).X|
|((BU.DU₆)&(BU.DU₆))×UDU|
|BULUG₃.DU₆|
|BULUG₃.DU₆~a|
|BU.NA₂|
|DA~a.LIŠ|
|DA.LIŠ|
|DARA₃~c×(KAR₂~c.ŠE~a)|
|DARA₃~d2×(KAR₂~a1.ŠE~a)|
|DARA₃×(KAR₂.ŠE)|
|DUG×(1(N57).KU₃)|
|DUG~b×(1(N57).KU₃~a)|
|DUG~b×(KUR~a.X)|
|DUG~b×(NI~a@g.ZATU779)|
|DUG~b×(SA~a.GI)|
|DUG~b×(ŠE~a.NAM₂)|
|DUG~b×(SI₄~a.X)|
|DUG~b×(TAK₄~a.SA~a)|
|DUG~b×(TAK₄~a.SAL)|
|DUG~b×(ZATU789.SA~a)|
|DUG×(KUR.X)|
|DUG×(NI@g.ZATU779)|
|DUG×(SA.GI)|
|DUG×(ŠE.NAM₂)|
|DUG×(SI₄.X)|
|DUG×(TAK₄.SA)|
|DUG×(TAK₄.SAL)|
|DUG×(ZATU789.SA)|
|E₂~a.LIŠ|
|E₂~b.LIŠ|
|E₂.LIŠ|
|EN₂.E₂|
|EN₂.E₂~a|
|EN₂.E₂~b|
|EZEN~a×(HI×1(N57).AN)|
|EZEN~a×(U₂~b.A)|
|EZEN×(HI.1(N57).AN)|
|EZEN×(U₂.A)|
|GA₂×(1(N58).BAD)|
|GA₂~a1×(GIR~a.KU₆~a)|
|GA₂~a1×(HI.SUHUR)|
|GA₂~a1×(KU₆~a.KU₆~a)|
|GA₂~a2×(ŠE₃.GU₄)|
|GA₂~b×(1(N58).BAD)|
|GA₂×(GIR.KU₆)|
|GA₂×(GU₄.ŠE₃)|
|GA₂×(HI.SUHUR)|
|GA₂×(KU₆.KU₆)|
|GA~a~v4.ZATU753|
|GA~a.ZATU753|
|GAN×(4(N57).GAR)|
|GAN~c×(4(N57).GAR)|
|GAN~c×(HI.DIN)|
|GAN~c×(KUR~a.A)|
|GAN×(HI.DIN)|
|GAN×(KUR.A)|
|GA.ZATU753|
|GIR~a.KU₆~a|
|GIR~b.GIR~b|
|GIR.GIR|
|GIR.KU₆|
|GIŠ×(DIN.DIN)|
|(GIŠ×(DIN.DIN))~a|
|(GIŠ×(DIN.DIN))~b|
|(GIŠ×(DIN.DIN))~c|
|GIŠ.TE|
|GU₄.ZATU755|
|GU₄.ZATU755~b|
|GUKKAL~a.HI@g~a|
|GUKKAL.HI@g|
|(HI×1(N57)).(HI×1(N57))|
|HI.SUHUR|
|IR~a.GA₂~a1|
|IR.GA₂|
|KA~a.ŠE~a|
|KA~a.ŠE~a@t|
|KAK~a.GA₂~a1|
|KAK.GA₂|
|KA.ŠE|
|KU₆.1(N02)|
|KU₆~a.1(N02)|
|KUR~a.E₂~a|
|KUR~a.NUNUZ~a1|
|KUR~b.E₂~a|
|KUR.E₂|
|KUR.NUNUZ|
|LAGAB~b.LAGAB~b|
|LAGAB~b.TE|
|LAGAB.TE|
|MAR~b×(LAGAB~b.ŠE₃)|
|MAR×(LAGAB.ŠE₃)|
|MUŠEN.3(N58)|
|MUŠEN.UR₃|
|MUŠEN.UR₃~b2|
|NI~a.RU|
|NINDA₂×(1(N06).HI@g~a)|
|NINDA₂×(AN.HI)|
|NINDA₂×(AN.ME~a)|
|NINDA₂×(AN.X)|
|NINDA₂×(HI~a1.AN.ME~a)|
|NINDA₂×(HI~a1.ME~a)|
|NINDA₂×(HI.AN.ME~a)|
|NINDA₂×(HI@g.1(N06))|
|NINDA₂×(HI.ME~a)|
|NINDA₂×(HI.X)|
|NINDA₂×(U₄.X)|
|NI.RU|
|NUN~b.U₄|
|NUN.U₄|
|SAL.HI×HI|
|SAL.KUR|
|SAL.KUR~a|
|SAL.LAM|
|SAL.LAM~b|
|SAL.ME~a|
|SAL.ŠU₂~b|
|SAL.ZATU751|
|SAL.ZATU751~a|
|ŠE~a.GAR|
|ŠE~a.KIN₂~c|
|ŠE~a.NAM₂|
|ŠE~a@t.GAR|
|ŠE.GAR|
|ŠE.KIN₂|
|ŠE.NAM₂|
|SILA₃~a×(ZATU659.TU~c)|
|SILA₃×(ZATU659.TU)|
|ŠU₂~a.AN|
|ŠU₂~a.EN~a|
|ŠU₂~a.EN~b|
|ŠU₂~a.(HI×1(N57))&(HI×1(N57))|
|ŠU₂~a.URI₃~a|
|ŠU₂~b.1(N02)|
|ŠU₂~b.E₂~a|
|ŠU₂~b.E₂~b|
|ŠU₂~b.GIŠ|
|ŠU₂.E₂|
|ŠU₂.EN|
|ŠU₂.PAP|
|ŠU₂.PAP~a|
|ŠU₂.URI₃|
|TUG₂~a.BAD&BAD|
|TUG₂~a@g.BAD&BAD|
|TUG₂.BAD&BAD|
|TUG₂@g.BAD&BAD|
|TUR₃.5(N57)|
|TUR₃~a.5(N57)|
|U₄×(1(N01).1(N24))|
|U₄×1(N01).5(N08)|
|U₄.1(N08)|
|U₄.1(N14)|
|U₄×(1(N14).1(N01))|
|U₄.1(N14).1(N08)|
|U₄×(1(N14).2(N01))|
|U₄×(1(N14).3(N01)).(1(N14).4(N08))|
|U₄.1(N14).3(N08)|
|U₄×(1(N14).4(N01))|
|U₄.1(N14).4(N08)|
|U₄.1(N14).5(N08)|
|U₄×(1(N14).8(N01))|
|U₄.1(N14).8(N08)|
|U₄×2(N01).2(N14)|
|U₄×2(N01).2(N14).1(N08)|
|U₄×2(N01).X|
|U₄.2(N08)|
|U₄.2(N14)|
|U₄×(2(N14).4(N01))|
|U₄×3(N01).3(N08)|
|U₄.3(N08)|
|U₄×(3(N14).2(N01))|
|U₄×(3(N14).7(N01))|
|U₄×4(N01).2(N14)|
|U₄.4(N08)|
|U₄×5(N01).1(N14)|
|U₄.5(N08)|
|U₄.6(N08)|
|U₄.7(N08)|
|U₄×8(N01).X|
|U₄.8(N08)|
|U₄.ŠU₂~b|
|UKKIN~b×(DIN.1(N01))|
|UKKIN×(DIN.1(N01))|
|X(N57).GAR|
|ZATU714.RU|
