188_04	BAD+DIŠ~b	|1(N58).BAD~b|
192_01	BU~a+DU₆	|BU~a+DU₆~a|
197_04	DUB+DIŠ~c	|(DUB×DIŠ)~c|
198_01	DUG+AŠ~a	|DUG~a×1(N57)|
198_04	DUG~b+1(N57)+KU₃~a	|DUG~b×(1(N57).KU₃~a)|
200_05	DUG~b+KUR~a+?	|DUG~b×(KUR~a.X)|
200_08	DUG~b+LAM+KUR~a	|DUG~b×KUR@g~a|
201_05	DUG~b+SA~a+GI	|DUG~b×(SA~a.GI)|
201_07	DUG~b+SI₄~a+?	|DUG~b×(SI₄~a.X)|
203_02	DUG~b+TAK₄~a+SA~a	|DUG~b×(TAK₄~a.SA~a)|
203_03	DUG~b+TAK₄~a+SAL	|DUG~b×(TAK₄~a.SAL)|
204_03	DUG~b+ZATU789+SA~a	|DUG~b×(ZATU789.SA~a)|
210_07	ERIM~b	ERIM~b2
214_09	GA₂~a1+TI~a	|GA₂~a1×TI|
224_03	GAN~b+DIN	#Now read |GAN~cxDIN| in CDLI P000387 o 1' 2'
233_01	GIŠ+DIN+DIN~a	|(GIŠ×(DIN.DIN))~a|
233_02	GIŠ+DIN+DIN~c	|(GIŠ×(DIN.DIN))~a|
238_03	HI+AŠ~b	|HI×1(N57)|
252_07	LAGAB~a+TI~a	|LAGAB~a×TI|
255_03	MAR~a@g	MAR@g~a
268_02	NI~b+8(N57)	|8(N57).NI~b|
270_01	NINDA₂+1(N1)	|NINDA₂×1(N01)|
270_02	NINDA₂+2(N1)	|NINDA₂×2(N01)|
270_03	NINDA₂+AN+?	|NINDA₂×(AN.X)|
283_06	SILA₃~a+HI~a	|SILA₃~a×HI|
288_05	SUKUD+SUKUD~x	|(SUKUD+SUKUD)~c|
289_03	ŠA+HI@g~a	|(ŠA×HI@g~a)~a|
295_01	ŠITA~a1+KAK	|ŠITA~a1×KAK~a|
298_01	ŠUBUR+1(N57)	|1(N57).ŠUBUR|
298_02	ŠUBUR+2(N57)	|2(N57).ŠUBUR|
300_03	TI~a@g	TI@g
309_02	UR₃~b1+3(N58)	|3(N58).UR₃~b1|
314_06	ZATU659+1(N58)	|ZATU659×1(N58@t)|
319_04	LAK25	LAK025
